PS D:\samurai> mkdir git_challenge


    ディレクトリ: D:\samurai


Mode                 LastWriteTime         Length Name
----                 -------------         ------ ----
d-----        2025/03/28     17:38                git_challenge


PS D:\samurai> cd git_challenge
PS D:\samurai\git_challenge> git init
Initialized empty Git repository in D:/samurai/git_challenge/.git/

PS D:\samurai\git_challenge> echo "Hello, world!" >> hello_world.txt
PS D:\samurai\git_challenge> git status
On branch main

No commits yet

Untracked files:
  (use "git add <file>..." to include in what will be committed)
        hello_world.txt

nothing added to commit but untracked files present (use "git add" to track)
PS D:\samurai\git_challenge> git add hello_world.txt
PS D:\samurai\git_challenge> git commit -m "hello_world.txtを追加"
[main (root-commit) 72f3990] hello_world.txtを追加
 1 file changed, 0 insertions(+), 0 deletions(-)
 create mode 100644 hello_world.txt
PS D:\samurai\git_challenge> git status
On branch main
nothing to commit, working tree clean

PS D:\samurai\git_challenge> git status
On branch main
Changes not staged for commit:
  (use "git add <file>..." to update what will be committed)
  (use "git restore <file>..." to discard changes in working directory)
        modified:   hello_world.txt

no changes added to commit (use "git add" and/or "git commit -a")
PS D:\samurai\git_challenge> git add hello_world.txt
PS D:\samurai\git_challenge> git commit -m "日本語訳を追記"
[main da9cf6e] 日本語訳を追記
 1 file changed, 0 insertions(+), 0 deletions(-)
PS D:\samurai\git_challenge> git status
On branch main
nothing to commit, working tree clean
PS D:\samurai\git_challenge> git log --oneline
da9cf6e (HEAD -> main) 日本語訳を追記
72f3990 hello_world.txtを追加