PS D:\samurai\git_challenge> git add hello_world.txt
PS D:\samurai\git_challenge> git commit -m "hello_world.txtを追加"
[main cf0c0fa] hello_world.txtを追加
 1 file changed, 0 insertions(+), 0 deletions(-)
PS D:\samurai\git_challenge> type hello_world.txt
Hello,world!
PS D:\samurai\git_challenge> git status
On branch main
Changes not staged for commit:
  (use "git add <file>..." to update what will be committed)
  (use "git restore <file>..." to discard changes in working directory)
        modified:   hello_world.txt

no changes added to commit (use "git add" and/or "git commit -a")
PS D:\samurai\git_challenge> git add hello_world.txt
PS D:\samurai\git_challenge> git commit -m "日本語訳を追記"
[main 5b05da6] 日本語訳を追記
 1 file changed, 0 insertions(+), 0 deletions(-)
PS D:\samurai\git_challenge> type hello_world.txt
Hello,world!
こんにちは、世界！

PS D:\samurai\git_challenge> git log --oneline
5b05da6 (HEAD -> main) 日本語訳を追記
cf0c0fa hello_world.txtを追加
da9cf6e 日本語訳を追記
72f3990 hello_world.txtを追加